EN multiplicador NULL "C:/hlocal/Pr3extra - copia/Pr3/multiplicador.vhd" sub00/vhpl02 1541002659
AR sumador behavioral "C:/hlocal/Pr3extra - copia/Pr3/sumador.vhd" sub00/vhpl01 1541002658
AR multiplicadorsimple behavioral C:/hlocal/Pr3extra/Pr3/multiplicadorsimple.vhd sub00/vhpl05 1540918147
AR multiplicador behavioral "C:/hlocal/Pr3extra - copia/Pr3/multiplicador.vhd" sub00/vhpl03 1541002660
EN multiplicadorsimple NULL C:/hlocal/Pr3extra/Pr3/multiplicadorsimple.vhd sub00/vhpl04 1540918146
EN sumador NULL "C:/hlocal/Pr3extra - copia/Pr3/sumador.vhd" sub00/vhpl00 1541002657
